<script src="../.tmp/8cd4582d798de6e50d5ddeb9283afa7f.js"></script>