<script src="../.tmp/3c0e44bb65fc0d43f310f5aa40804dbb.js"></script>
<script src="../.tmp/3c0e44bb65fc0d43f310f5aa40804dbb.js"></script>
<script src="../.tmp/3c0e44bb65fc0d43f310f5aa40804dbb.js"></script>
<script src="//ajax.googleapis.com/ajax/libs/jquery/1.10.2/jquery.min.js"></script>